Note: The following floating-point exceptions are signalling: IEEE_UNDERFLOW_FLAG IEEE_DENORMAL
### init_hod_tables
###   D0=2  K=7
###   NUM_alpha (multi-indices carried) = 15
###   Bell table terms                  = 88
###   restricted to closure of 4 seed indices
### Residual as parsed (imposed as R = 0 at every collocation point)
###   axes are written x1..x2, with axis 2 shown as t (Time_axis)
###   term      coefficient  expression                    slot  multi-index
###    1      1.000000E+00  u_x1x1x1x1x1x1                   12    6  0
###    2     -1.000000E+00  u_x1x1x1x1x1x1x1                 14    7  0
###    3      1.000000E+00  u_tttttt                         13    0  6
###    4     -1.000000E+00  u_ttttttt                        15    0  7
###
### PINN residual training enabled
Residual terms (after DXLAP expansion)  4
Exact_solution  1
Time_axis  2
### High-order derivative (HOD) training enabled
Hod_K  7
Hod_lambda(0:K)    0.100E+01  0.000E+00  0.000E+00  0.000E+00  0.000E+00  0.000E+00  0.000E+00  0.000E+00
Hod_alpha_file  NONE
Hod_check  1
Task  TRAIN
Average_cyc_mpi  1
Shuffle  0
Shuffle_cyc_mpi  1000000
Output_deriv  0
Restart  0

********************
Network Construction
Nlayer  4
           2
          24
          24
           1
********************
Number of weight parameters  697

All input  560
Training  520
Validation  40
********************
Label_start & Label_end
           1         160
         161         560
Ndata_train_set(i) & label_end(i)-label_start(i)+1
         160         160
         400         400
********************
Early Stopping
NUM_validation  40
val_cyc  500
p_max: maximum patience for early stopping  2000
********************
Epoch  20000
Conv    0.10E-13
********************
Regularization
********************

Activation  TANH           

Sample number in a minibatch (Mbatch)  40

Output Cycle (OC)  100000
Initialization  GLOROT_NORM    
GD_method  ADAM                          
GD_param     0.0020000000   0.9000000000   0.9990000000   0.0000000100   0.0000000000   0.0000000000
GD_ratio
   1.0000000000
   0.0100000000

#############################################
### HOD self-check
### [REF] hod_golden.dat not found: skipped
###     worst slot 3 of order 1:  T, FD =  0.806634E-01  0.806634E-01
### [dX] input FD check (|alpha|<=2): max rel |T - FD| =   0.64285E-08
### [dX] passed
### [dW] weight-gradient FD check: 43 weights, max relative error =   0.57119E-11
### [dW] passed
### [dW-R] PINN residual-gradient FD check: 43 weights, max relative error =   0.28510E-07
### [dW-R] passed
### HOD self-check: ALL PASSED
#############################################
start from total epoch: istart_step=  0
 best epoch=       19000   1.0915325714687899E-004
 writing output_set*.dat for 560 points
              34.141[s]
     0.569[min]
     0.009[h]
