Note: The following floating-point exceptions are signalling: IEEE_UNDERFLOW_FLAG IEEE_DENORMAL
### init_hod_tables
###   D0=4  K=3
###   NUM_alpha (multi-indices carried) = 13
###   Bell table terms                  = 25
###   restricted to closure of 5 seed indices
### Residual as parsed (imposed as R = 0 at every collocation point)
###   axes are written x1..x4, with axis 4 shown as t (Time_axis)
###   term      coefficient  expression                    slot  multi-index
###    1      1.000000E+00  u_t                               5    0  0  0  1
###    2      3.000000E+00  u * u_x1                          2    1  0  0  0
###    3      7.346939E-01  u_x1x1x1                         11    3  0  0  0
###    4      7.346939E-01  u_x1x2x2                         12    1  2  0  0
###    5      7.346939E-01  u_x1x3x3                         13    1  0  2  0
###
### PINN residual training enabled
Residual terms (after DXLAP expansion)  5
Exact_solution  1
Time_axis  4
### High-order derivative (HOD) training enabled
Hod_K  3
Hod_lambda(0:K)    0.100E+01  0.100E+01  0.100E+01  0.100E+01
Hod_alpha_file  NONE
Hod_check  1
Task  TRAIN
Average_cyc_mpi  1
Shuffle  0
Shuffle_cyc_mpi  1000000
Output_deriv  1
Restart  0

********************
Network Construction
Nlayer  4
           4
           8
           8
           1
********************
Number of weight parameters  121

All input  330
Training  300
Validation  30
********************
Label_start & Label_end
           1         180
         181         330
Ndata_train_set(i) & label_end(i)-label_start(i)+1
         180         180
         150         150
********************
Early Stopping
NUM_validation  30
val_cyc  100
p_max: maximum patience for early stopping  1000000
********************
Epoch  30000
Conv    0.10E-13
********************
Regularization
********************

Activation  TANH           

Sample number in a minibatch (Mbatch)  300

Output Cycle (OC)  100000
Initialization  LECUN_UNIF     
GD_method  ADAM                          
GD_param     0.0020000000   0.9000000000   0.9990000000   0.0000000100   0.0000000000   0.0000000000
GD_ratio
   1.0000000000
   0.1000000000

#############################################
### HOD self-check
### [REF] hod_golden.dat not found: skipped
###     worst slot 8 of order 2:  T, FD = -0.130652E-02 -0.130651E-02
### [dX] input FD check (|alpha|<=2): max rel |T - FD| =   0.46148E-08
### [dX] passed
### [dW] weight-gradient FD check: 43 weights, max relative error =   0.15177E-10
### [dW] passed
### [dW-R] PINN residual-gradient FD check: 43 weights, max relative error =   0.22268E-09
### [dW-R] passed
### HOD self-check: ALL PASSED
#############################################
start from total epoch: istart_step=  0
 best epoch=       30000   1.7641587394132015E-008
 writing output_set*.dat for 330 points
              98.624[s]
     1.644[min]
     0.027[h]
