### init_hod_tables
###   D0=3  K=2
###   NUM_alpha (multi-indices carried) = 6
###   Bell table terms                  = 7
###   restricted to closure of 3 seed indices
### Residual as parsed (imposed as R = 0 at every collocation point)
###   axes are written x1..x3, with axis 3 shown as t (Time_axis)
###   term      coefficient  expression                    slot  multi-index
###    1      1.000000E+00  u_t                               4    0  0  1
###    2     -5.000000E-02  u_x1x1                            5    2  0  0
###    3     -5.000000E-02  u_x2x2                            6    0  2  0
###
### PINN residual training enabled
Residual terms (after DXLAP expansion)  3
Exact_solution  1
Time_axis  3
### High-order derivative (HOD) training enabled
Hod_K  2
Hod_lambda(0:K)    0.100E+01  0.000E+00  0.000E+00
Hod_alpha_file  NONE
Hod_check  1
Task  TRAIN
Average_cyc_mpi  1
Shuffle  0
Shuffle_cyc_mpi  1000000
Output_deriv  0
Restart  0

********************
Network Construction
Nlayer  4
           3
          24
          24
           1
********************
Number of weight parameters  721

All input  1040
Training  980
Validation  60
********************
Label_start & Label_end
           1         440
         441        1040
Ndata_train_set(i) & label_end(i)-label_start(i)+1
         440         440
         600         600
********************
Early Stopping
NUM_validation  60
val_cyc  200
p_max: maximum patience for early stopping  500
********************
Epoch  6000
Conv    0.10E-11
********************
Regularization
********************

Activation  TANH           

Sample number in a minibatch (Mbatch)  40

Output Cycle (OC)  100000
Initialization  GLOROT_NORM    
GD_method  ADAM                          
GD_param     0.0040000000   0.9000000000   0.9990000000   0.0000000100   0.0000000000   0.0000000000
GD_ratio
   1.0000000000
   0.1000000000

#############################################
### HOD self-check
### [REF] hod_golden.dat not found: skipped
###     worst slot 4 of order 1:  T, FD =  0.835055E-01  0.835055E-01
### [dX] input FD check (|alpha|<=2): max rel |T - FD| =   0.57416E-08
### [dX] passed
### [dW] weight-gradient FD check: 43 weights, max relative error =   0.56651E-11
### [dW] passed
### [dW-R] PINN residual-gradient FD check: 43 weights, max relative error =   0.17138E-10
### [dW-R] passed
### HOD self-check: ALL PASSED
#############################################
start from total epoch: istart_step=  0
 best epoch=        5600   6.9158453922252180E-005
 writing output_set*.dat for 1040 points
               4.399[s]
     0.073[min]
     0.001[h]
