Note: The following floating-point exceptions are signalling: IEEE_UNDERFLOW_FLAG IEEE_DENORMAL
### init_hod_tables
###   D0=2  K=2
###   NUM_alpha (multi-indices carried) = 5
###   Bell table terms                  = 6
###   restricted to closure of 2 seed indices
### Residual as parsed (imposed as R = 0 at every collocation point)
###   axes are written x1..x2, with axis 2 shown as t (Time_axis)
###   term      coefficient  expression                    slot  multi-index
###    1      1.000000E+00  u_x1x1                            4    2  0
###    2      1.000000E+00  u_tt                              5    0  2
###
### PINN residual training enabled
Residual terms (after DXLAP expansion)  2
Exact_solution  1
Time_axis  2
### High-order derivative (HOD) training enabled
Hod_K  2
Hod_lambda(0:K)    0.100E+01  0.100E+01  0.100E+01
Hod_alpha_file  NONE
Hod_check  1
Task  TRAIN
Average_cyc_mpi  1
Shuffle  0
Shuffle_cyc_mpi  1000000
Output_deriv  1
Restart  0

********************
Network Construction
Nlayer  4
           2
          24
          24
           1
********************
Number of weight parameters  697

All input  550
Training  520
Validation  30
********************
Label_start & Label_end
           1         150
         151         550
Ndata_train_set(i) & label_end(i)-label_start(i)+1
         150         150
         400         400
********************
Early Stopping
NUM_validation  30
val_cyc  200
p_max: maximum patience for early stopping  1000000
********************
Epoch  40000
Conv    0.10E-13
********************
Regularization
********************

Activation  TANH           

Sample number in a minibatch (Mbatch)  20

Output Cycle (OC)  100000
Initialization  LECUN_UNIF     
GD_method  ADAM                          
GD_param     0.0030000000   0.9000000000   0.9990000000   0.0000000100   0.0000000000   0.0000000000
GD_ratio
   1.0000000000
   0.1000000000

#############################################
### HOD self-check
### [REF] hod_golden.dat not found: skipped
###     worst slot 3 of order 1:  T, FD =  0.759431E-01  0.759431E-01
### [dX] input FD check (|alpha|<=2): max rel |T - FD| =   0.51922E-08
### [dX] passed
### [dW] weight-gradient FD check: 43 weights, max relative error =   0.83668E-11
### [dW] passed
### [dW-R] PINN residual-gradient FD check: 43 weights, max relative error =   0.10909E-08
### [dW-R] passed
### HOD self-check: ALL PASSED
#############################################
start from total epoch: istart_step=  0
 best epoch=       35200   4.2268424212865653E-003
 writing output_set*.dat for 550 points
              13.894[s]
     0.232[min]
     0.004[h]
