Note: The following floating-point exceptions are signalling: IEEE_UNDERFLOW_FLAG IEEE_DENORMAL
### init_hod_tables
###   D0=2  K=5
###   NUM_alpha (multi-indices carried) = 7
###   Bell table terms                  = 19
###   restricted to closure of 4 seed indices
### Residual as parsed (imposed as R = 0 at every collocation point)
###   axes are written x1..x2, with axis 2 shown as t (Time_axis)
###   term      coefficient  expression                    slot  multi-index
###    1      1.000000E+00  u_t                               3    0  1
###    2      1.360800E+01  u * u_x1                          2    1  0
###    3      4.680000E+00  u_x1x1x1                          5    3  0
###    4     -1.000000E+00  u_x1x1x1x1x1                      7    5  0
###
### PINN residual training enabled
Residual terms (after DXLAP expansion)  4
Exact_solution  1
Time_axis  2
### High-order derivative (HOD) training enabled
Hod_K  5
Hod_lambda(0:K)    0.100E+01  0.100E+01  0.100E+01  0.100E+01  0.100E+01  0.100E+01
Hod_alpha_file  NONE
Hod_check  1
Task  TRAIN
Average_cyc_mpi  1
Shuffle  0
Shuffle_cyc_mpi  1000000
Output_deriv  1
Restart  0

********************
Network Construction
Nlayer  4
           2
          16
          16
           1
********************
Number of weight parameters  337

All input  300
Training  270
Validation  30
********************
Label_start & Label_end
           1         100
         101         300
Ndata_train_set(i) & label_end(i)-label_start(i)+1
         100         100
         200         200
********************
Early Stopping
NUM_validation  30
val_cyc  200
p_max: maximum patience for early stopping  1000000
********************
Epoch  60000
Conv    0.10E-13
********************
Regularization
********************

Activation  TANH           

Sample number in a minibatch (Mbatch)  270

Output Cycle (OC)  100000
Initialization  LECUN_UNIF     
GD_method  ADAM                          
GD_param     0.0020000000   0.9000000000   0.9990000000   0.0000000100   0.0000000000   0.0000000000
GD_ratio
   1.0000000000
   0.0100000000

#############################################
### HOD self-check
### [REF] hod_golden.dat not found: skipped
###     worst slot 4 of order 2:  T, FD = -0.108359E-02 -0.108359E-02
### [dX] input FD check (|alpha|<=2): max rel |T - FD| =   0.11904E-07
### [dX] passed
### [dW] weight-gradient FD check: 43 weights, max relative error =   0.29142E-09
### [dW] passed
### [dW-R] PINN residual-gradient FD check: 43 weights, max relative error =   0.96831E-09
### [dW-R] passed
### HOD self-check: ALL PASSED
#############################################
start from total epoch: istart_step=  0
 best epoch=       59400   7.1041184642182224E-008
 writing output_set*.dat for 300 points
             114.276[s]
     1.905[min]
     0.032[h]
