### init_hod_tables
###   D0=4  K=3
###   NUM_alpha (multi-indices carried) = 35
###   Bell table terms                  = 104
### High-order derivative (HOD) training enabled
Hod_k  3
Hod_lambda(0:K)    0.100E+01  0.100E+01  0.100E+01  0.100E+01
Hod_alpha_file  NONE
Hod_check  1
Task  TRAIN  
Average_cyc_mpi  1
Shuffle  0
Shuffle_cyc_mpi  1000000
Calc_deriv  1
Restart  0
gd_param(0)     0.00000


********************
Network Construction
Nlayer  4
           4
          10
          10
           1
********************
Number of weight parameters  171

All input  400
Training  360
Validation  40
********************
Label_start & Label_end
           1         400
Ndata_train_set(i) & label_end(i)-label_start(i)+1
         400         400
********************
Early Stopping
NUM_validation  40
val_cyc  200
p_max: maximum patience for early stopping  10000
********************
Epoch  3000
Conv    0.10E-09
********************
Regularization
********************

Activation  TANH           
tanh

Sample number in a minibatch (Mbatch)  20

Output Cycle (OC)  1000
Initialization  GLOROT_UNIF    
GD_method  ADAM                          
GD_param     0.0030000000   0.9000000000   0.9990000000   0.0000000100   0.0000000000   0.0000000000
GD_ratio
   1.0000000000

#############################################
### HOD self-check
### [G] golden regression: 35 values, max |T - golden| =   0.69389E-17
### [G] passed
### [F] input FD check (|alpha|<=2): max |T - FD| =   0.17404E-07
### [F] passed
### [W] weight-gradient FD check: 43 weights, max relative error =   0.34228E-09
### [W] passed
### HOD self-check: ALL PASSED
#############################################
start from total epoch: istart_step=  0
 best epoch=        3000   3.6926563827389546E-003
 output.dat,NUM_input=         400

 err=   1.6334302281884937E-005
               4.093[s]
     0.068[min]
     0.001[h]
